Config git lần đầu khởi chạy
$ git config --global user.name "John Doe"
$ git config --global user.email johndoe@example.com
Xem thông tin config lần đầu
$ cat ~/.gitconfig ho?c git config --list

Tạo local repository
$git init 
$git add * hoặc git add tênfile  
$git status : trạng thái tập tin
$git commit -m"firstcommit"
$git push ho?c git push origin master

Nếu file local đã tồn tại lúc clone mà nội dụng thay đổi
$git commit -a -m"commit"

Git Log và Undo Commit
$git log : xem thông tin các lần commit
Có th? dùng $git revert 3f1ef84ada3dfd936735d8724f9bbb3437c77b19 ð? quay l?i l?n commit trý?c
commit 3f1ef84ada3dfd936735d8724f9bbb3437c77b19
Author: Thach Pham <contact@thachpham.com>
Date: Tue Apr 21 17:16:37 2015 -0700

$ git log -p:Hiển thị tri tiết commit
commit 3f1ef84ada3dfd936735d8724f9bbb3437c77b19
Author: Thach Pham <contact@thachpham.com>
Date: Tue Apr 21 17:16:37 2015 -0700

 Hihi

diff --git a/README.md b/README.md
index db7e814..e08f24f 100644
--- a/README.md
+++ b/README.md
@@ -1 +1 @@
-# Huong dan Git co ban
+hhih\n
diff --git a/faq.html b/faq.html
new file mode 100644
index 0000000..e69de29

***************
--since, --after: Xem các lần commit kể từ ngày nhất định.
--until: Xem các lần commit trước từ ngày nhất định.
--author: Xem các lần commit của một người nào đó.
--grep: Lọc các chuỗi trong log và in ra.

$ git log --author=contact@thachpham.com --pretty="%s"
Hihi
First commit on Github

*********
Cách dùng --pretty
$ git log --pretty="%tag"
Danh sách các %tag:

%H –  Commit hash
%h – Abbreviated commit hash
%T – Tree hash
%t – Abbreviated tree hash
%P – Parent hashes
%p – Abbreviated parent hashes
%an – Author name
%ae – Author e-mail
%ad – Author date (format respects the –date=option)
%ar – Author date, relative
%cn – Committer name
%ce – Committer email
%cd – Committer date
%cr – Committer date, relative
%s – Subject

$ git log --pretty="%an - %s"
Thach Pham - Hihi
Thach Pham - First commit on Github

********
Undo Commit

$ git log --pretty="%s"
Hihi
First commit on Github
$ git commit --amend -m "Hehe" : Xóa bỏ lần commit trước và cần undo để commit lại
[master 3682e56] Hehe
 Date: Tue Apr 21 17:16:37 2015 -0700
 2 files changed, 1 insertion(+), 1 deletion(-)
 create mode 100644 faq.html
$ git log --pretty="%s"
Hehe
First commit on Github
*******
Bỏ tập tin ra khỏi Staging Area
git reset HEAD tên_file
*********



 
